Using pre-set license
Built from '6000.0/staging' branch; Version is '6000.0.58f1 (44b8bf3a3225) revision 4503743'; Using compiler version '193933523'; Build Type 'Release'
OS: 'Windows 11  (10.0.26100) 64bit Core' Language: 'de' Physical Memory: 32634 MB
BatchMode: 1, IsHumanControllingUs: 0, StartBugReporterOnCrash: 0, Is64bit: 1
Date: 2025-09-26T15:34:46Z

COMMAND LINE ARGUMENTS:
G:\Unity\Unity Hub\Hub\6000.0.58f1\Editor\Unity.exe
-adb2
-batchMode
-noUpm
-name
AssetImportWorker1
-projectPath
G:/Unity/Projects/SCP Short Game
-logFile
Logs/AssetImportWorker1.log
-srvPort
53079
-job-worker-count
5
-background-job-worker-count
8
-gc-helper-count
1
-name
AssetImport
Successfully changed project path to: G:/Unity/Projects/SCP Short Game
G:/Unity/Projects/SCP Short Game
[UnityMemory] Configuration Parameters - Can be set up in boot.config
    "memorysetup-bucket-allocator-granularity=16"
    "memorysetup-bucket-allocator-bucket-count=8"
    "memorysetup-bucket-allocator-block-size=33554432"
    "memorysetup-bucket-allocator-block-count=8"
    "memorysetup-main-allocator-block-size=16777216"
    "memorysetup-thread-allocator-block-size=16777216"
    "memorysetup-gfx-main-allocator-block-size=16777216"
    "memorysetup-gfx-thread-allocator-block-size=16777216"
    "memorysetup-cache-allocator-block-size=4194304"
    "memorysetup-typetree-allocator-block-size=2097152"
    "memorysetup-profiler-bucket-allocator-granularity=16"
    "memorysetup-profiler-bucket-allocator-bucket-count=8"
    "memorysetup-profiler-bucket-allocator-block-size=33554432"
    "memorysetup-profiler-bucket-allocator-block-count=8"
    "memorysetup-profiler-allocator-block-size=16777216"
    "memorysetup-profiler-editor-allocator-block-size=1048576"
    "memorysetup-temp-allocator-size-main=16777216"
    "memorysetup-job-temp-allocator-block-size=2097152"
    "memorysetup-job-temp-allocator-block-size-background=1048576"
    "memorysetup-job-temp-allocator-reduction-small-platforms=262144"
    "memorysetup-allocator-temp-initial-block-size-main=262144"
    "memorysetup-allocator-temp-initial-block-size-worker=262144"
    "memorysetup-temp-allocator-size-background-worker=32768"
    "memorysetup-temp-allocator-size-job-worker=262144"
    "memorysetup-temp-allocator-size-preload-manager=33554432"
    "memorysetup-temp-allocator-size-nav-mesh-worker=65536"
    "memorysetup-temp-allocator-size-audio-worker=65536"
    "memorysetup-temp-allocator-size-cloud-worker=32768"
    "memorysetup-temp-allocator-size-gi-baking-worker=262144"
    "memorysetup-temp-allocator-size-gi-baking-worker=262144"
    "memorysetup-temp-allocator-size-gi-baking-worker=262144"
    "memorysetup-temp-allocator-size-gi-baking-worker=262144"
    "memorysetup-temp-allocator-size-gi-baking-worker=262144"
    "memorysetup-temp-allocator-size-gfx=262144"
Player connection [20508]  Target information:

Player connection [20508]  * "[IP] 192.168.2.108 [Port] 0 [Flags] 2 [Guid] 461768967 [EditorId] 461768967 [Version] 1048832 [Id] WindowsEditor(7,Sparky) [Debug] 1 [PackageName] WindowsEditor [ProjectName] Editor" 

Player connection [20508] Host joined multi-casting on [225.0.0.222:54997]...
Player connection [20508] Host joined alternative multi-casting on [225.0.0.222:34997]...
JobSystem: Creating JobQueue using job-worker-count value 5
Input System module state changed to: Initialized.
[Physics::Module] Initialized fallback backend.
[Physics::Module] Id: 0xdecafbad
Library Redirect Path: Library/
[Physics::Module] Selected backend.
[Physics::Module] Name: PhysX
[Physics::Module] Id: 0xf2b8ea05
[Physics::Module] SDK Version: 4.1.2
[Physics::Module] Integration Version: 1.0.0
[Physics::Module] Threading Mode: Multi-Threaded
Refreshing native plugins compatible for Editor in 1.40 ms, found 3 plugins.
Preloading 0 native plugins for Editor in 0.00 ms.
Initialize engine version: 6000.0.58f1 (44b8bf3a3225)
[Subsystems] Discovering subsystems at path G:/Unity/Unity Hub/Hub/6000.0.58f1/Editor/Data/Resources/UnitySubsystems
[Subsystems] Discovering subsystems at path G:/Unity/Projects/SCP Short Game/Assets
GfxDevice: creating device client; kGfxThreadingModeNonThreaded
Direct3D:
    Version:  Direct3D 11.0 [level 11.1]
    Renderer: NVIDIA GeForce RTX 3070 (ID=0x2488)
    Vendor:   NVIDIA
    VRAM:     8018 MB
    Driver:   32.0.15.8115
Initialize mono
Mono path[0] = 'G:/Unity/Unity Hub/Hub/6000.0.58f1/Editor/Data/Managed'
Mono path[1] = 'G:/Unity/Unity Hub/Hub/6000.0.58f1/Editor/Data/MonoBleedingEdge/lib/mono/unityjit-win32'
Mono config path = 'G:/Unity/Unity Hub/Hub/6000.0.58f1/Editor/Data/MonoBleedingEdge/etc'
Using monoOptions --debugger-agent=transport=dt_socket,embedding=1,server=y,suspend=n,address=127.0.0.1:56456
Begin MonoManager ReloadAssembly
Registering precompiled unity dll's ...
Register platform support module: G:/Unity/Unity Hub/Hub/6000.0.58f1/Editor/Data/PlaybackEngines/WindowsStandaloneSupport/UnityEditor.WindowsStandalone.Extensions.dll
Registered in 0.005317 seconds.
- Loaded All Assemblies, in  0.566 seconds
Native extension for WindowsStandalone target not found
Mono: successfully reloaded assembly
- Finished resetting the current domain, in  0.458 seconds
Domain Reload Profiling: 1023ms
	BeginReloadAssembly (180ms)
		ExecutionOrderSort (0ms)
		DisableScriptedObjects (0ms)
		BackupInstance (0ms)
		ReleaseScriptingObjects (0ms)
		CreateAndSetChildDomain (1ms)
	RebuildCommonClasses (52ms)
	RebuildNativeTypeToScriptingClass (19ms)
	initialDomainReloadingComplete (72ms)
	LoadAllAssembliesAndSetupDomain (241ms)
		LoadAssemblies (179ms)
		RebuildTransferFunctionScriptingTraits (0ms)
		AnalyzeDomain (237ms)
			TypeCache.Refresh (234ms)
				TypeCache.ScanAssembly (213ms)
			BuildScriptInfoCaches (0ms)
			ResolveRequiredComponents (1ms)
	FinalizeReload (459ms)
		ReleaseScriptCaches (0ms)
		RebuildScriptCaches (0ms)
		SetupLoadedEditorAssemblies (390ms)
			LogAssemblyErrors (0ms)
			InitializePlatformSupportModulesInManaged (26ms)
			SetLoadedEditorAssemblies (8ms)
			BeforeProcessingInitializeOnLoad (96ms)
			ProcessInitializeOnLoadAttributes (191ms)
			ProcessInitializeOnLoadMethodAttributes (69ms)
			AfterProcessingInitializeOnLoad (0ms)
			EditorAssembliesLoaded (0ms)
		ExecutionOrderSort2 (0ms)
		AwakeInstancesAfterBackupRestoration (0ms)
========================================================================
Worker process is ready to serve import requests
Import Worker Mode flag is 0x00
Begin MonoManager ReloadAssembly
- Loaded All Assemblies, in  0.985 seconds
Refreshing native plugins compatible for Editor in 0.79 ms, found 3 plugins.
Native extension for WindowsStandalone target not found
Package Manager log level set to [2]
[Package Manager] Failed to launch server process. Reason: Unity was launched with the -noUpm command-line argument
[Package Manager] Unable to send message (not connected to server process).
[Package Manager] Cannot connect to Unity Package Manager local server
Mono: successfully reloaded assembly
- Finished resetting the current domain, in  1.124 seconds
Domain Reload Profiling: 2108ms
	BeginReloadAssembly (227ms)
		ExecutionOrderSort (0ms)
		DisableScriptedObjects (10ms)
		BackupInstance (0ms)
		ReleaseScriptingObjects (0ms)
		CreateAndSetChildDomain (39ms)
	RebuildCommonClasses (58ms)
	RebuildNativeTypeToScriptingClass (17ms)
	initialDomainReloadingComplete (49ms)
	LoadAllAssembliesAndSetupDomain (633ms)
		LoadAssemblies (393ms)
		RebuildTransferFunctionScriptingTraits (0ms)
		AnalyzeDomain (364ms)
			TypeCache.Refresh (272ms)
				TypeCache.ScanAssembly (252ms)
			BuildScriptInfoCaches (71ms)
			ResolveRequiredComponents (15ms)
	FinalizeReload (1124ms)
		ReleaseScriptCaches (0ms)
		RebuildScriptCaches (0ms)
		SetupLoadedEditorAssemblies (864ms)
			LogAssemblyErrors (0ms)
			InitializePlatformSupportModulesInManaged (6ms)
			SetLoadedEditorAssemblies (10ms)
			BeforeProcessingInitializeOnLoad (212ms)
			ProcessInitializeOnLoadAttributes (563ms)
			ProcessInitializeOnLoadMethodAttributes (71ms)
			AfterProcessingInitializeOnLoad (2ms)
			EditorAssembliesLoaded (0ms)
		ExecutionOrderSort2 (0ms)
		AwakeInstancesAfterBackupRestoration (9ms)
Launched and connected shader compiler UnityShaderCompiler.exe after 0.02 seconds
Refreshing native plugins compatible for Editor in 1.21 ms, found 3 plugins.
Preloading 0 native plugins for Editor in 0.00 ms.
Unloading 31 Unused Serialized files (Serialized files now loaded: 0)
Unloading 6086 unused Assets / (6.6 MB). Loaded Objects now: 6742.
Memory consumption went from 133.4 MB to 126.8 MB.
Total: 14.601000 ms (FindLiveObjects: 0.871000 ms CreateObjectMapping: 1.291700 ms MarkObjects: 8.047100 ms  DeleteObjects: 4.390000 ms)

========================================================================
Received Import Request.
  Time since last request: 179657.896753 seconds.
  path: Assets/Textures/forestpath.jpg
  artifactKey: Guid(329de8474b5e54f49933363494b54074) Importer(815301076,1909f56bfc062723c751e8b465ee728b)
Start importing Assets/Textures/forestpath.jpg using Guid(329de8474b5e54f49933363494b54074) Importer(815301076,1909f56bfc062723c751e8b465ee728b) (PreviewImporter) -> (artifact id: 'e97396168bd7b22b331a560da25d63a8') in 0.0661692 seconds
Number of updated asset objects reloaded before import = 0Number of asset objects unloaded after import = 2

========================================================================
Received Import Request.
  Time since last request: 1094.312417 seconds.
  path: Assets/prefabs/scp-1762-here-be-dragons/source/crate02/crate_texture - Default Texture.PNG
  artifactKey: Guid(df8e38856d060ea4dbccd7095b6cd359) Importer(815301076,1909f56bfc062723c751e8b465ee728b)
Start importing Assets/prefabs/scp-1762-here-be-dragons/source/crate02/crate_texture - Default Texture.PNG using Guid(df8e38856d060ea4dbccd7095b6cd359) Importer(815301076,1909f56bfc062723c751e8b465ee728b) (PreviewImporter) -> (artifact id: 'beeb5f5727276b8340906b1a6f49e78e') in 0.0304011 seconds
Number of updated asset objects reloaded before import = 0Number of asset objects unloaded after import = 2

========================================================================
Received Import Request.
  Time since last request: 0.000020 seconds.
  path: Assets/prefabs/scp-1762-here-be-dragons/source/crate02/Default IBL.PNG
  artifactKey: Guid(8921d58747695064c85e4cdc4674504a) Importer(815301076,1909f56bfc062723c751e8b465ee728b)
Start importing Assets/prefabs/scp-1762-here-be-dragons/source/crate02/Default IBL.PNG using Guid(8921d58747695064c85e4cdc4674504a) Importer(815301076,1909f56bfc062723c751e8b465ee728b) (PreviewImporter) -> (artifact id: '585a89d0d77ceeb7d5d87bf38d7f5c2f') in 0.0059451 seconds
Number of updated asset objects reloaded before import = 0Number of asset objects unloaded after import = 2

========================================================================
Received Import Request.
  Time since last request: 3.112237 seconds.
  path: Assets/prefabs/scpcb-button/textures/Keypad_NormalMap.png
  artifactKey: Guid(92c92cd3d3075bd4c8a8160366c0517a) Importer(815301076,1909f56bfc062723c751e8b465ee728b)
Start importing Assets/prefabs/scpcb-button/textures/Keypad_NormalMap.png using Guid(92c92cd3d3075bd4c8a8160366c0517a) Importer(815301076,1909f56bfc062723c751e8b465ee728b) (PreviewImporter) -> (artifact id: '30927a8ec8d16f5e787714cbff3023d9') in 0.0084634 seconds
Number of updated asset objects reloaded before import = 0Number of asset objects unloaded after import = 2

========================================================================
Received Import Request.
  Time since last request: 0.161441 seconds.
  path: Assets/prefabs/scp-999-mug/textures/mug_scp_999_texture.png
  artifactKey: Guid(eef4a24c046287845a748e024deb7ff6) Importer(815301076,1909f56bfc062723c751e8b465ee728b)
Start importing Assets/prefabs/scp-999-mug/textures/mug_scp_999_texture.png using Guid(eef4a24c046287845a748e024deb7ff6) Importer(815301076,1909f56bfc062723c751e8b465ee728b) (PreviewImporter) -> (artifact id: 'efcdf2efe5033404d7d3dc085d99a7f3') in 0.0083736 seconds
Number of updated asset objects reloaded before import = 0Number of asset objects unloaded after import = 2

========================================================================
Received Import Request.
  Time since last request: 39.005717 seconds.
  path: Assets/Map.unity
  artifactKey: Guid(265940251f8b1dd4c984df4051743a15) Importer(2089858483,192608db42251d675da83286b1cce702)
Start importing Assets/Map.unity using Guid(265940251f8b1dd4c984df4051743a15) Importer(2089858483,192608db42251d675da83286b1cce702) (ScriptedImporter) -> (artifact id: '37d7d7704496b3d754ec2f2be165b939') in 0.1945236 seconds
Number of updated asset objects reloaded before import = 0Number of asset objects unloaded after import = 1

========================================================================
Received Import Request.
  Time since last request: 0.000039 seconds.
  path: Assets/prefabs/scp-1762-here-be-dragons/source/crate02/Default IBL.PNG
  artifactKey: Guid(8921d58747695064c85e4cdc4674504a) Importer(2089858483,192608db42251d675da83286b1cce702)
Start importing Assets/prefabs/scp-1762-here-be-dragons/source/crate02/Default IBL.PNG using Guid(8921d58747695064c85e4cdc4674504a) Importer(2089858483,192608db42251d675da83286b1cce702) (ScriptedImporter) -> (artifact id: '752e9d88a6161dba3f2ccca53ea62dd8') in 0.072589 seconds
Number of updated asset objects reloaded before import = 0Number of asset objects unloaded after import = 1

========================================================================
Received Import Request.
  Time since last request: 0.000030 seconds.
  path: Assets/prefabs/scp-radio/source/radio.fbx
  artifactKey: Guid(b0fb96502fb79d046bb490ed16f2abd5) Importer(2089858483,192608db42251d675da83286b1cce702)
Start importing Assets/prefabs/scp-radio/source/radio.fbx using Guid(b0fb96502fb79d046bb490ed16f2abd5) Importer(2089858483,192608db42251d675da83286b1cce702) (ScriptedImporter) -> (artifact id: '9bb991ef55b6bc5dbc2bf335eea44f6f') in 0.1556196 seconds
Number of updated asset objects reloaded before import = 0Number of asset objects unloaded after import = 9

========================================================================
Received Import Request.
  Time since last request: 0.000026 seconds.
  path: Assets/prefabs/scpcb-button/textures/Keypad_NormalMap.png
  artifactKey: Guid(92c92cd3d3075bd4c8a8160366c0517a) Importer(2089858483,192608db42251d675da83286b1cce702)
Start importing Assets/prefabs/scpcb-button/textures/Keypad_NormalMap.png using Guid(92c92cd3d3075bd4c8a8160366c0517a) Importer(2089858483,192608db42251d675da83286b1cce702) (ScriptedImporter) -> (artifact id: '936d4ff86434b232e435e95e72faa999') in 0.0111017 seconds
Number of updated asset objects reloaded before import = 0Number of asset objects unloaded after import = 1

========================================================================
Received Import Request.
  Time since last request: 0.000021 seconds.
  path: Assets/Textures/NewLayer.terrainlayer
  artifactKey: Guid(b41ecff7aea56304087fca3b0baab568) Importer(2089858483,192608db42251d675da83286b1cce702)
Start importing Assets/Textures/NewLayer.terrainlayer using Guid(b41ecff7aea56304087fca3b0baab568) Importer(2089858483,192608db42251d675da83286b1cce702) (ScriptedImporter) -> (artifact id: '9e84934418552e9fdfb854c8acea3fa9') in 0.0052104 seconds
Number of updated asset objects reloaded before import = 0Number of asset objects unloaded after import = 1

========================================================================
Received Import Request.
  Time since last request: 0.000026 seconds.
  path: Assets/prefabs/scp-999-mug/source/scp_999_mug/scp_999_mug/model/SCP_999_mug.blend1
  artifactKey: Guid(a0cdc3d0675ba4e4d873c0c0932c535f) Importer(2089858483,192608db42251d675da83286b1cce702)
Start importing Assets/prefabs/scp-999-mug/source/scp_999_mug/scp_999_mug/model/SCP_999_mug.blend1 using Guid(a0cdc3d0675ba4e4d873c0c0932c535f) Importer(2089858483,192608db42251d675da83286b1cce702) (ScriptedImporter) -> (artifact id: 'f8bf5cf55743e79f657da46dfd64b1e2') in 0.0028227 seconds
Number of updated asset objects reloaded before import = 0Number of asset objects unloaded after import = 1

========================================================================
Received Import Request.
  Time since last request: 0.000019 seconds.
  path: Assets/Scenes/SampleScene.unity
  artifactKey: Guid(99c9720ab356a0642a771bea13969a05) Importer(2089858483,192608db42251d675da83286b1cce702)
Start importing Assets/Scenes/SampleScene.unity using Guid(99c9720ab356a0642a771bea13969a05) Importer(2089858483,192608db42251d675da83286b1cce702) (ScriptedImporter) -> (artifact id: 'c4ea6f4fdbdadfb20acf06cb956f1158') in 0.0033223 seconds
Number of updated asset objects reloaded before import = 0Number of asset objects unloaded after import = 1

========================================================================
Received Import Request.
  Time since last request: 0.000025 seconds.
  path: Assets/prefabs/scp-427-scp-containment-breach/textures/427.jpg
  artifactKey: Guid(08a8fa40bb4f8884e9c2727f05f33235) Importer(2089858483,192608db42251d675da83286b1cce702)
Start importing Assets/prefabs/scp-427-scp-containment-breach/textures/427.jpg using Guid(08a8fa40bb4f8884e9c2727f05f33235) Importer(2089858483,192608db42251d675da83286b1cce702) (ScriptedImporter) -> (artifact id: 'a701b5d8b4a023291f3b0d031fc8da25') in 0.0087918 seconds
Number of updated asset objects reloaded before import = 0Number of asset objects unloaded after import = 1

========================================================================
Received Import Request.
  Time since last request: 0.000017 seconds.
  path: Assets/Settings/PC_RPAsset.asset
  artifactKey: Guid(4b83569d67af61e458304325a23e5dfd) Importer(2089858483,192608db42251d675da83286b1cce702)
Start importing Assets/Settings/PC_RPAsset.asset using Guid(4b83569d67af61e458304325a23e5dfd) Importer(2089858483,192608db42251d675da83286b1cce702) (ScriptedImporter) -> (artifact id: '20a6d563d2dc0e7074f62e5fd5343bc0') in 0.0451149 seconds
Number of updated asset objects reloaded before import = 0Number of asset objects unloaded after import = 1

========================================================================
Received Import Request.
  Time since last request: 0.000018 seconds.
  path: Assets/prefabs/scpcb-button/source/Button.blend
  artifactKey: Guid(4b66f3fe3e5274145bf6f544930e4641) Importer(2089858483,192608db42251d675da83286b1cce702)
Start importing Assets/prefabs/scpcb-button/source/Button.blend using Guid(4b66f3fe3e5274145bf6f544930e4641) Importer(2089858483,192608db42251d675da83286b1cce702) (ScriptedImporter) -> (artifact id: '2d35a39b60349a31571e5abd7310cd4a') in 0.0214454 seconds
Number of updated asset objects reloaded before import = 0Number of asset objects unloaded after import = 21

========================================================================
Received Import Request.
  Time since last request: 0.000020 seconds.
  path: Assets/TutorialInfo/Layout.wlt
  artifactKey: Guid(eabc9546105bf4accac1fd62a63e88e6) Importer(2089858483,192608db42251d675da83286b1cce702)
Start importing Assets/TutorialInfo/Layout.wlt using Guid(eabc9546105bf4accac1fd62a63e88e6) Importer(2089858483,192608db42251d675da83286b1cce702) (ScriptedImporter) -> (artifact id: '31348425d3175dee9e3ecc7c11670e72') in 0.0031446 seconds
Number of updated asset objects reloaded before import = 0Number of asset objects unloaded after import = 1

========================================================================
Received Import Request.
  Time since last request: 0.000050 seconds.
  path: Assets/TutorialInfo/Icons/URP.png
  artifactKey: Guid(727a75301c3d24613a3ebcec4a24c2c8) Importer(2089858483,192608db42251d675da83286b1cce702)
Start importing Assets/TutorialInfo/Icons/URP.png using Guid(727a75301c3d24613a3ebcec4a24c2c8) Importer(2089858483,192608db42251d675da83286b1cce702) (ScriptedImporter) -> (artifact id: 'b5deef660561b1d3e9b02d88b7d8a9c8') in 0.0085673 seconds
Number of updated asset objects reloaded before import = 0Number of asset objects unloaded after import = 1

========================================================================
Received Import Request.
  Time since last request: 0.000019 seconds.
  path: Assets/prefabs/scp-radio/textures/radio.png
  artifactKey: Guid(f3ec758eb06656c4ba3307e31314bacb) Importer(2089858483,192608db42251d675da83286b1cce702)
Start importing Assets/prefabs/scp-radio/textures/radio.png using Guid(f3ec758eb06656c4ba3307e31314bacb) Importer(2089858483,192608db42251d675da83286b1cce702) (ScriptedImporter) -> (artifact id: 'a50f9c68782b0a7c7ac24ac3a3a47a2a') in 0.0077676 seconds
Number of updated asset objects reloaded before import = 0Number of asset objects unloaded after import = 1

========================================================================
Received Import Request.
  Time since last request: 0.000014 seconds.
  path: Assets/prefabs/scp-1762-here-be-dragons/source/crate02/crate_texture - Default Texture.PNG
  artifactKey: Guid(df8e38856d060ea4dbccd7095b6cd359) Importer(2089858483,192608db42251d675da83286b1cce702)
Start importing Assets/prefabs/scp-1762-here-be-dragons/source/crate02/crate_texture - Default Texture.PNG using Guid(df8e38856d060ea4dbccd7095b6cd359) Importer(2089858483,192608db42251d675da83286b1cce702) (ScriptedImporter) -> (artifact id: '33afe05d219d9652910020fa8e476a59') in 0.0081631 seconds
Number of updated asset objects reloaded before import = 0Number of asset objects unloaded after import = 1

========================================================================
Received Import Request.
  Time since last request: 0.000018 seconds.
  path: Assets/prefabs/scp-860-1/textures/860_leaf.png
  artifactKey: Guid(4cbb426e1551f0748837289cd02537bc) Importer(2089858483,192608db42251d675da83286b1cce702)
Start importing Assets/prefabs/scp-860-1/textures/860_leaf.png using Guid(4cbb426e1551f0748837289cd02537bc) Importer(2089858483,192608db42251d675da83286b1cce702) (ScriptedImporter) -> (artifact id: 'b68c08d57aaa43ec68885598405fd51a') in 0.0098942 seconds
Number of updated asset objects reloaded before import = 0Number of asset objects unloaded after import = 1

========================================================================
Received Import Request.
  Time since last request: 0.000016 seconds.
  path: Assets/prefabs/scp-860-1/source/860-j.blend1
  artifactKey: Guid(40311d6a57b5359418912e26fcc4cd08) Importer(2089858483,192608db42251d675da83286b1cce702)
Start importing Assets/prefabs/scp-860-1/source/860-j.blend1 using Guid(40311d6a57b5359418912e26fcc4cd08) Importer(2089858483,192608db42251d675da83286b1cce702) (ScriptedImporter) -> (artifact id: 'd711c5f0ff0ecb1c6395b449ffd2a60d') in 0.025804 seconds
Number of updated asset objects reloaded before import = 0Number of asset objects unloaded after import = 1

========================================================================
Received Import Request.
  Time since last request: 0.000019 seconds.
  path: Assets/prefabs/scp-999-mug/source/scp_999_mug/scp_999_mug/textures/mug_scp_999_texture.png
  artifactKey: Guid(a33b5878d9614e040b836c0649bc8a0f) Importer(2089858483,192608db42251d675da83286b1cce702)
Start importing Assets/prefabs/scp-999-mug/source/scp_999_mug/scp_999_mug/textures/mug_scp_999_texture.png using Guid(a33b5878d9614e040b836c0649bc8a0f) Importer(2089858483,192608db42251d675da83286b1cce702) (ScriptedImporter) -> (artifact id: '8945b835c2ba795bd0f2183949ab0f50') in 0.0078788 seconds
Number of updated asset objects reloaded before import = 0Number of asset objects unloaded after import = 1

========================================================================
Received Import Request.
  Time since last request: 0.000027 seconds.
  path: Assets/prefabs/clipboard-scp-containment-breach/source/clipboard.fbx
  artifactKey: Guid(760bda6eb4c21574f9afc5cccca21b18) Importer(2089858483,192608db42251d675da83286b1cce702)
Start importing Assets/prefabs/clipboard-scp-containment-breach/source/clipboard.fbx using Guid(760bda6eb4c21574f9afc5cccca21b18) Importer(2089858483,192608db42251d675da83286b1cce702) (ScriptedImporter) -> (artifact id: '632eee6f3bc5762d6b627092ab755bdb') in 0.0111464 seconds
Number of updated asset objects reloaded before import = 0Number of asset objects unloaded after import = 9

========================================================================
Received Import Request.
  Time since last request: 0.000016 seconds.
  path: Assets/prefabs/scpcb-button/source/Button.fbx
  artifactKey: Guid(f77edc349fbaebc48a697245cbe45145) Importer(2089858483,192608db42251d675da83286b1cce702)
Start importing Assets/prefabs/scpcb-button/source/Button.fbx using Guid(f77edc349fbaebc48a697245cbe45145) Importer(2089858483,192608db42251d675da83286b1cce702) (ScriptedImporter) -> (artifact id: '692d6c5bd5b7fd59fc0941e446dc28f7') in 0.0093071 seconds
Number of updated asset objects reloaded before import = 0Number of asset objects unloaded after import = 10

========================================================================
Received Import Request.
  Time since last request: 0.000018 seconds.
  path: Assets/Settings/Mobile_Renderer.asset
  artifactKey: Guid(65bc7dbf4170f435aa868c779acfb082) Importer(2089858483,192608db42251d675da83286b1cce702)
Start importing Assets/Settings/Mobile_Renderer.asset using Guid(65bc7dbf4170f435aa868c779acfb082) Importer(2089858483,192608db42251d675da83286b1cce702) (ScriptedImporter) -> (artifact id: '0e9bf54712536684284cd4c902878764') in 0.0283363 seconds
Number of updated asset objects reloaded before import = 0Number of asset objects unloaded after import = 1

========================================================================
Received Import Request.
  Time since last request: 0.000019 seconds.
  path: Assets/Textures/forestpath.jpg
  artifactKey: Guid(329de8474b5e54f49933363494b54074) Importer(2089858483,192608db42251d675da83286b1cce702)
Start importing Assets/Textures/forestpath.jpg using Guid(329de8474b5e54f49933363494b54074) Importer(2089858483,192608db42251d675da83286b1cce702) (ScriptedImporter) -> (artifact id: '2474bdac8f7dd8b70f8be44b1ce90830') in 0.0077221 seconds
Number of updated asset objects reloaded before import = 0Number of asset objects unloaded after import = 1

========================================================================
Received Import Request.
  Time since last request: 0.000017 seconds.
  path: Assets/prefabs/scp-1762-here-be-dragons/textures/crate_texture - Default Texture.png
  artifactKey: Guid(fac8de129e418dd4b9fad2dd99650873) Importer(2089858483,192608db42251d675da83286b1cce702)
Start importing Assets/prefabs/scp-1762-here-be-dragons/textures/crate_texture - Default Texture.png using Guid(fac8de129e418dd4b9fad2dd99650873) Importer(2089858483,192608db42251d675da83286b1cce702) (ScriptedImporter) -> (artifact id: '3b1e2e29b5fa437c50096013622baa09') in 0.0121707 seconds
Number of updated asset objects reloaded before import = 0Number of asset objects unloaded after import = 1

========================================================================
Received Import Request.
  Time since last request: 0.000017 seconds.
  path: Assets/prefabs/scp-860-1/textures/860_diffuse.jpeg
  artifactKey: Guid(11ea09b6c2aca5340a10de8dab04cc03) Importer(2089858483,192608db42251d675da83286b1cce702)
Start importing Assets/prefabs/scp-860-1/textures/860_diffuse.jpeg using Guid(11ea09b6c2aca5340a10de8dab04cc03) Importer(2089858483,192608db42251d675da83286b1cce702) (ScriptedImporter) -> (artifact id: '1a3a9f108fb32f959e84f7ac0ff8f717') in 0.05694 seconds
Number of updated asset objects reloaded before import = 0Number of asset objects unloaded after import = 1

========================================================================
Received Import Request.
  Time since last request: 0.000024 seconds.
  path: Assets/prefabs/scp-1762-here-be-dragons/source/crate02/crate02.dae
  artifactKey: Guid(9f81dd2d992a8244aaa0b9ae6cca7882) Importer(2089858483,192608db42251d675da83286b1cce702)
Start importing Assets/prefabs/scp-1762-here-be-dragons/source/crate02/crate02.dae using Guid(9f81dd2d992a8244aaa0b9ae6cca7882) Importer(2089858483,192608db42251d675da83286b1cce702) (ScriptedImporter) -> (artifact id: '6ab78ac334773b6731a30cf59a290279') in 0.019748 seconds
Number of updated asset objects reloaded before import = 0Number of asset objects unloaded after import = 27

========================================================================
Received Import Request.
  Time since last request: 0.000017 seconds.
  path: Assets/Textures/forestfloor.jpg
  artifactKey: Guid(15d0bbd7f180d63418a4ce404aa117e0) Importer(2089858483,192608db42251d675da83286b1cce702)
Start importing Assets/Textures/forestfloor.jpg using Guid(15d0bbd7f180d63418a4ce404aa117e0) Importer(2089858483,192608db42251d675da83286b1cce702) (ScriptedImporter) -> (artifact id: 'ae27bd15d176af61aebe223769ae4230') in 0.0094459 seconds
Number of updated asset objects reloaded before import = 0Number of asset objects unloaded after import = 1

========================================================================
Received Import Request.
  Time since last request: 0.000019 seconds.
  path: Assets/Settings/DefaultVolumeProfile.asset
  artifactKey: Guid(ab09877e2e707104187f6f83e2f62510) Importer(2089858483,192608db42251d675da83286b1cce702)
Start importing Assets/Settings/DefaultVolumeProfile.asset using Guid(ab09877e2e707104187f6f83e2f62510) Importer(2089858483,192608db42251d675da83286b1cce702) (ScriptedImporter) -> (artifact id: 'aedb9b7d8953510dc79bf38fde19b44f') in 0.0054643 seconds
Number of updated asset objects reloaded before import = 0Number of asset objects unloaded after import = 0

========================================================================
Received Import Request.
  Time since last request: 0.000017 seconds.
  path: Assets/prefabs/scp-1762-here-be-dragons/source/crate02.zip
  artifactKey: Guid(7a0309a1850942e4abf3151609a8ce61) Importer(2089858483,192608db42251d675da83286b1cce702)
Start importing Assets/prefabs/scp-1762-here-be-dragons/source/crate02.zip using Guid(7a0309a1850942e4abf3151609a8ce61) Importer(2089858483,192608db42251d675da83286b1cce702) (ScriptedImporter) -> (artifact id: '576af1bbe320fafb34b9930b29631324') in 0.003801 seconds
Number of updated asset objects reloaded before import = 0Number of asset objects unloaded after import = 1

========================================================================
Received Import Request.
  Time since last request: 0.000018 seconds.
  path: Assets/prefabs/scp-860-1/source/860-j.blend
  artifactKey: Guid(d16ac11d9ce29ca4db7c16047903a3b3) Importer(2089858483,192608db42251d675da83286b1cce702)
Start importing Assets/prefabs/scp-860-1/source/860-j.blend using Guid(d16ac11d9ce29ca4db7c16047903a3b3) Importer(2089858483,192608db42251d675da83286b1cce702) (ScriptedImporter) -> (artifact id: 'dcc0ff41e143063b9ed025c7547626d2') in 0.085206 seconds
Number of updated asset objects reloaded before import = 0Number of asset objects unloaded after import = 83

========================================================================
Received Import Request.
  Time since last request: 0.000021 seconds.
  path: Assets/prefabs/scp-427-scp-containment-breach/source/427.blend
  artifactKey: Guid(a4644c4c10416d241b13792b9ecbfe17) Importer(2089858483,192608db42251d675da83286b1cce702)
Start importing Assets/prefabs/scp-427-scp-containment-breach/source/427.blend using Guid(a4644c4c10416d241b13792b9ecbfe17) Importer(2089858483,192608db42251d675da83286b1cce702) (ScriptedImporter) -> (artifact id: 'e8678cbbf6f4326a92e68b1e1c648fd2') in 0.0318686 seconds
Number of updated asset objects reloaded before import = 0Number of asset objects unloaded after import = 19

========================================================================
Received Prepare
Begin MonoManager ReloadAssembly
- Loaded All Assemblies, in  1.201 seconds
Refreshing native plugins compatible for Editor in 0.81 ms, found 3 plugins.
Native extension for WindowsStandalone target not found
[Package Manager] Failed to launch server process. Reason: Unity was launched with the -noUpm command-line argument
[Package Manager] Unable to send message (not connected to server process).
[Package Manager] Cannot connect to Unity Package Manager local server
Mono: successfully reloaded assembly
- Finished resetting the current domain, in  0.891 seconds
Domain Reload Profiling: 2094ms
	BeginReloadAssembly (379ms)
		ExecutionOrderSort (0ms)
		DisableScriptedObjects (14ms)
		BackupInstance (0ms)
		ReleaseScriptingObjects (0ms)
		CreateAndSetChildDomain (119ms)
	RebuildCommonClasses (58ms)
	RebuildNativeTypeToScriptingClass (18ms)
	initialDomainReloadingComplete (37ms)
	LoadAllAssembliesAndSetupDomain (711ms)
		LoadAssemblies (529ms)
		RebuildTransferFunctionScriptingTraits (0ms)
		AnalyzeDomain (348ms)
			TypeCache.Refresh (13ms)
				TypeCache.ScanAssembly (0ms)
			BuildScriptInfoCaches (314ms)
			ResolveRequiredComponents (14ms)
	FinalizeReload (891ms)
		ReleaseScriptCaches (0ms)
		RebuildScriptCaches (0ms)
		SetupLoadedEditorAssemblies (683ms)
			LogAssemblyErrors (0ms)
			InitializePlatformSupportModulesInManaged (3ms)
			SetLoadedEditorAssemblies (5ms)
			BeforeProcessingInitializeOnLoad (143ms)
			ProcessInitializeOnLoadAttributes (463ms)
			ProcessInitializeOnLoadMethodAttributes (65ms)
			AfterProcessingInitializeOnLoad (3ms)
			EditorAssembliesLoaded (0ms)
		ExecutionOrderSort2 (0ms)
		AwakeInstancesAfterBackupRestoration (21ms)
Refreshing native plugins compatible for Editor in 1.01 ms, found 3 plugins.
Preloading 0 native plugins for Editor in 0.00 ms.
Unloading 29 Unused Serialized files (Serialized files now loaded: 0)
Unloading 6085 unused Assets / (6.3 MB). Loaded Objects now: 6766.
Memory consumption went from 144.2 MB to 138.0 MB.
Total: 10.220800 ms (FindLiveObjects: 0.758800 ms CreateObjectMapping: 1.255900 ms MarkObjects: 4.321500 ms  DeleteObjects: 3.883700 ms)

Prepare: number of updated asset objects reloaded= 0
========================================================================
Received Prepare
Begin MonoManager ReloadAssembly
- Loaded All Assemblies, in  0.903 seconds
Refreshing native plugins compatible for Editor in 1.64 ms, found 3 plugins.
Native extension for WindowsStandalone target not found
[Package Manager] Failed to launch server process. Reason: Unity was launched with the -noUpm command-line argument
[Package Manager] Unable to send message (not connected to server process).
[Package Manager] Cannot connect to Unity Package Manager local server
Mono: successfully reloaded assembly
- Finished resetting the current domain, in  0.922 seconds
Domain Reload Profiling: 1829ms
	BeginReloadAssembly (273ms)
		ExecutionOrderSort (0ms)
		DisableScriptedObjects (7ms)
		BackupInstance (0ms)
		ReleaseScriptingObjects (0ms)
		CreateAndSetChildDomain (67ms)
	RebuildCommonClasses (44ms)
	RebuildNativeTypeToScriptingClass (15ms)
	initialDomainReloadingComplete (30ms)
	LoadAllAssembliesAndSetupDomain (545ms)
		LoadAssemblies (409ms)
		RebuildTransferFunctionScriptingTraits (0ms)
		AnalyzeDomain (261ms)
			TypeCache.Refresh (19ms)
				TypeCache.ScanAssembly (1ms)
			BuildScriptInfoCaches (222ms)
			ResolveRequiredComponents (14ms)
	FinalizeReload (923ms)
		ReleaseScriptCaches (0ms)
		RebuildScriptCaches (0ms)
		SetupLoadedEditorAssemblies (710ms)
			LogAssemblyErrors (0ms)
			InitializePlatformSupportModulesInManaged (3ms)
			SetLoadedEditorAssemblies (7ms)
			BeforeProcessingInitializeOnLoad (156ms)
			ProcessInitializeOnLoadAttributes (475ms)
			ProcessInitializeOnLoadMethodAttributes (67ms)
			AfterProcessingInitializeOnLoad (2ms)
			EditorAssembliesLoaded (0ms)
		ExecutionOrderSort2 (0ms)
		AwakeInstancesAfterBackupRestoration (18ms)
Refreshing native plugins compatible for Editor in 0.96 ms, found 3 plugins.
Preloading 0 native plugins for Editor in 0.00 ms.
Unloading 29 Unused Serialized files (Serialized files now loaded: 0)
Unloading 6085 unused Assets / (6.3 MB). Loaded Objects now: 6770.
Memory consumption went from 144.2 MB to 137.9 MB.
Total: 12.775500 ms (FindLiveObjects: 0.879700 ms CreateObjectMapping: 1.752200 ms MarkObjects: 5.604200 ms  DeleteObjects: 4.538400 ms)

Prepare: number of updated asset objects reloaded= 0
========================================================================
Received Import Request.
  Time since last request: 1595.491487 seconds.
  path: Assets/Tree9/bark14.png
  artifactKey: Guid(78e60ad3a8152ec46be748bb6d5a7cdf) Importer(815301076,1909f56bfc062723c751e8b465ee728b)
Start importing Assets/Tree9/bark14.png using Guid(78e60ad3a8152ec46be748bb6d5a7cdf) Importer(815301076,1909f56bfc062723c751e8b465ee728b) (PreviewImporter) -> (artifact id: 'db5fd79e2808aaaac1f94e1e0172cec7') in 0.0994979 seconds
Number of updated asset objects reloaded before import = 0Number of asset objects unloaded after import = 2

========================================================================
Received Import Request.
  Time since last request: 0.000018 seconds.
  path: Assets/Tree9/Tree9_Leaf.fbx
  artifactKey: Guid(1de95aafaed1b594b88a317c6a6ac028) Importer(815301076,1909f56bfc062723c751e8b465ee728b)
Start importing Assets/Tree9/Tree9_Leaf.fbx using Guid(1de95aafaed1b594b88a317c6a6ac028) Importer(815301076,1909f56bfc062723c751e8b465ee728b) (PreviewImporter) -> (artifact id: 'adfcce9e3c0c91db34bcee9575a4d4fc') in 0.8492331 seconds
Number of updated asset objects reloaded before import = 0Number of asset objects unloaded after import = 10

========================================================================
Received Import Request.
  Time since last request: 0.000056 seconds.
  path: Assets/Tree9/Tree9_3.prefab
  artifactKey: Guid(8b2d47fdc2e25ac4f9721480a68bbefa) Importer(815301076,1909f56bfc062723c751e8b465ee728b)
Start importing Assets/Tree9/Tree9_3.prefab using Guid(8b2d47fdc2e25ac4f9721480a68bbefa) Importer(815301076,1909f56bfc062723c751e8b465ee728b) (PreviewImporter) -> (artifact id: '45674ce1768b6b1794eb312bb6f37102') in 0.2264125 seconds
Number of updated asset objects reloaded before import = 0Number of asset objects unloaded after import = 28

========================================================================
Received Import Request.
  Time since last request: 0.000043 seconds.
  path: Assets/Tree9/Tree9_leafs.mat
  artifactKey: Guid(da780beb78a91484aa965294e12f428e) Importer(815301076,1909f56bfc062723c751e8b465ee728b)
Start importing Assets/Tree9/Tree9_leafs.mat using Guid(da780beb78a91484aa965294e12f428e) Importer(815301076,1909f56bfc062723c751e8b465ee728b) (PreviewImporter) -> (artifact id: '90585b40be16a43e64f72e4c4537ff66') in 0.0098597 seconds
Number of updated asset objects reloaded before import = 0Number of asset objects unloaded after import = 3

========================================================================
Received Import Request.
  Time since last request: 5.969339 seconds.
  path: Assets/Tree9/Tree9_1_Textures/normal_specular.png
  artifactKey: Guid(34bf97c9a44d6a24e9aad37f9f1e5e3d) Importer(815301076,1909f56bfc062723c751e8b465ee728b)
Start importing Assets/Tree9/Tree9_1_Textures/normal_specular.png using Guid(34bf97c9a44d6a24e9aad37f9f1e5e3d) Importer(815301076,1909f56bfc062723c751e8b465ee728b) (PreviewImporter) -> (artifact id: '4be8cc9ba54f1a786a0a744e6ab05f36') in 0.01078 seconds
Number of updated asset objects reloaded before import = 0Number of asset objects unloaded after import = 2

========================================================================
Received Import Request.
  Time since last request: 0.000042 seconds.
  path: Assets/Tree9/Tree9_1_Textures/translucency_gloss.png
  artifactKey: Guid(f61dbef0d12d35f4b9fbf8cfded48f9a) Importer(815301076,1909f56bfc062723c751e8b465ee728b)
Start importing Assets/Tree9/Tree9_1_Textures/translucency_gloss.png using Guid(f61dbef0d12d35f4b9fbf8cfded48f9a) Importer(815301076,1909f56bfc062723c751e8b465ee728b) (PreviewImporter) -> (artifact id: '6d4ed13b551a6fc108a660213bb2037c') in 0.0114463 seconds
Number of updated asset objects reloaded before import = 0Number of asset objects unloaded after import = 2

Editor requested this worker to shutdown with reason: Scaling down because of idle timeout
AssetImportWorker is now disconnected from the server
Process exiting
Exiting without the bug reporter. Application will terminate with return code 0